Device: cuda (NVIDIA GeForce RTX 4070 Laptop GPU)

=== wafercnn | WaferCNN (custom, scratch, 64px) [ep40] | seed=42 | 1.21M params | cuda ===
  ep  1/40 loss 0.6681  val_acc 0.9520  val_f1 0.7711 *     58s
  ep  2/40 loss 0.3627  val_acc 0.8697  val_f1 0.7021       42s
  ep  3/40 loss 0.3024  val_acc 0.9445  val_f1 0.8099 *     41s
  ep  4/40 loss 0.2716  val_acc 0.9119  val_f1 0.7504       42s
  ep  5/40 loss 0.2461  val_acc 0.9512  val_f1 0.8249 *     40s
  ep  6/40 loss 0.2303  val_acc 0.9362  val_f1 0.7979       40s
  ep  7/40 loss 0.2184  val_acc 0.9201  val_f1 0.7854       42s
  ep  8/40 loss 0.2069  val_acc 0.9169  val_f1 0.7702       45s
  ep  9/40 loss 0.1942  val_acc 0.9153  val_f1 0.7812       50s
  ep 10/40 loss 0.1862  val_acc 0.9287  val_f1 0.7964       45s
  ep 11/40 loss 0.1805  val_acc 0.9261  val_f1 0.7910       45s
  ep 12/40 loss 0.1714  val_acc 0.9261  val_f1 0.7964       45s
  ep 13/40 loss 0.1651  val_acc 0.9261  val_f1 0.7915       45s
  ep 14/40 loss 0.1593  val_acc 0.9224  val_f1 0.7903       45s
  ep 15/40 loss 0.1524  val_acc 0.9258  val_f1 0.7932       44s
  ep 16/40 loss 0.1434  val_acc 0.9424  val_f1 0.8168       45s
  ep 17/40 loss 0.1395  val_acc 0.9300  val_f1 0.8083       43s
  ep 18/40 loss 0.1349  val_acc 0.9392  val_f1 0.8151       46s
  ep 19/40 loss 0.1291  val_acc 0.9334  val_f1 0.8129       44s
  ep 20/40 loss 0.1254  val_acc 0.9354  val_f1 0.8059       46s
  ep 21/40 loss 0.1229  val_acc 0.9333  val_f1 0.8043       44s
  ep 22/40 loss 0.1183  val_acc 0.9334  val_f1 0.8079       45s
  ep 23/40 loss 0.1165  val_acc 0.9266  val_f1 0.7948       45s
  ep 24/40 loss 0.1101  val_acc 0.9504  val_f1 0.8363 *     47s
  ep 25/40 loss 0.1089  val_acc 0.9426  val_f1 0.8230       44s
  ep 26/40 loss 0.1037  val_acc 0.9459  val_f1 0.8283       47s
  ep 27/40 loss 0.1008  val_acc 0.9290  val_f1 0.8064       44s
  ep 28/40 loss 0.0992  val_acc 0.9491  val_f1 0.8366 *     46s
  ep 29/40 loss 0.0966  val_acc 0.9377  val_f1 0.8217       41s
  ep 30/40 loss 0.0935  val_acc 0.9386  val_f1 0.8221       45s
  ep 31/40 loss 0.0896  val_acc 0.9481  val_f1 0.8340       59s
  ep 32/40 loss 0.0890  val_acc 0.9471  val_f1 0.8356       65s
  ep 33/40 loss 0.0875  val_acc 0.9450  val_f1 0.8325       63s
  ep 34/40 loss 0.0868  val_acc 0.9485  val_f1 0.8361       65s
  ep 35/40 loss 0.0859  val_acc 0.9471  val_f1 0.8320       65s
  ep 36/40 loss 0.0855  val_acc 0.9428  val_f1 0.8271       63s
  ep 37/40 loss 0.0828  val_acc 0.9474  val_f1 0.8330       64s
  ep 38/40 loss 0.0818  val_acc 0.9455  val_f1 0.8301       64s
  ep 39/40 loss 0.0810  val_acc 0.9476  val_f1 0.8365       63s
  ep 40/40 loss 0.0826  val_acc 0.9479  val_f1 0.8347       64s
  -> TEST(best-val ep28) acc 0.9515  macroF1 0.8367 [0.8238,0.8482]  wF1 0.9563  P 0.7734 R 0.9382
  -> TEST(last ep40)    acc 0.9501  macroF1 0.8365  wF1 0.9547  P 0.7717 R 0.9372  (32.9 min)  saved wafercnn_ep40_seed42.json

=== mv3_pre128 | MobileNetV3-S (ImageNet, 128px upsample) [ep40] | seed=42 | 1.53M params | cuda ===
  ep  1/40 loss 0.3105  val_acc 0.9445  val_f1 0.8028 *    146s
  ep  2/40 loss 0.1755  val_acc 0.9360  val_f1 0.7965      123s
  ep  3/40 loss 0.1414  val_acc 0.9198  val_f1 0.7816      120s
  ep  4/40 loss 0.1195  val_acc 0.9359  val_f1 0.8108 *    124s
  ep  5/40 loss 0.1023  val_acc 0.9468  val_f1 0.8300 *    117s
  ep  6/40 loss 0.0928  val_acc 0.9557  val_f1 0.8427 *     95s
  ep  7/40 loss 0.0831  val_acc 0.9181  val_f1 0.7765       70s
  ep  8/40 loss 0.0772  val_acc 0.9261  val_f1 0.7890       75s
  ep  9/40 loss 0.0690  val_acc 0.9574  val_f1 0.8451 *     76s
  ep 10/40 loss 0.0626  val_acc 0.9409  val_f1 0.8259       77s
  ep 11/40 loss 0.0610  val_acc 0.9576  val_f1 0.8406       74s
  ep 12/40 loss 0.0532  val_acc 0.9401  val_f1 0.8303       75s
  ep 13/40 loss 0.0499  val_acc 0.9600  val_f1 0.8443       75s
  ep 14/40 loss 0.0471  val_acc 0.9533  val_f1 0.8476 *     73s
  ep 15/40 loss 0.0417  val_acc 0.9625  val_f1 0.8542 *     73s
  ep 16/40 loss 0.0388  val_acc 0.9611  val_f1 0.8581 *     75s
  ep 17/40 loss 0.0358  val_acc 0.9627  val_f1 0.8572       74s
  ep 18/40 loss 0.0364  val_acc 0.9633  val_f1 0.8647 *     74s
  ep 19/40 loss 0.0334  val_acc 0.9458  val_f1 0.8377       73s
  ep 20/40 loss 0.0302  val_acc 0.9679  val_f1 0.8716 *     74s
  ep 21/40 loss 0.0281  val_acc 0.9622  val_f1 0.8642       73s
  ep 22/40 loss 0.0272  val_acc 0.9667  val_f1 0.8698       72s
  ep 23/40 loss 0.0244  val_acc 0.9682  val_f1 0.8700       75s
  ep 24/40 loss 0.0234  val_acc 0.9681  val_f1 0.8757 *     75s
  ep 25/40 loss 0.0218  val_acc 0.9673  val_f1 0.8693       74s
  ep 26/40 loss 0.0205  val_acc 0.9702  val_f1 0.8777 *     76s
  ep 27/40 loss 0.0184  val_acc 0.9698  val_f1 0.8749       76s
  ep 28/40 loss 0.0193  val_acc 0.9728  val_f1 0.8816 *     76s
  ep 29/40 loss 0.0166  val_acc 0.9700  val_f1 0.8777       78s
  ep 30/40 loss 0.0159  val_acc 0.9709  val_f1 0.8736       78s
  ep 31/40 loss 0.0148  val_acc 0.9724  val_f1 0.8837 *     73s
  ep 32/40 loss 0.0148  val_acc 0.9732  val_f1 0.8823       74s
  ep 33/40 loss 0.0134  val_acc 0.9720  val_f1 0.8819       88s
  ep 34/40 loss 0.0135  val_acc 0.9738  val_f1 0.8825       89s
  ep 35/40 loss 0.0127  val_acc 0.9748  val_f1 0.8852 *     87s
  ep 36/40 loss 0.0115  val_acc 0.9744  val_f1 0.8888 *     86s
  ep 37/40 loss 0.0127  val_acc 0.9749  val_f1 0.8898 *     84s
  ep 38/40 loss 0.0116  val_acc 0.9750  val_f1 0.8888       84s
  ep 39/40 loss 0.0121  val_acc 0.9749  val_f1 0.8903 *     85s
  ep 40/40 loss 0.0120  val_acc 0.9748  val_f1 0.8874       84s
  -> TEST(best-val ep39) acc 0.9742  macroF1 0.8847 [0.8667,0.8977]  wF1 0.9744  P 0.8875 R 0.8840
  -> TEST(last ep40)    acc 0.9740  macroF1 0.8845  wF1 0.9742  P 0.8875 R 0.8835  (55.8 min)  saved mv3_pre128_ep40_seed42.json
# 동일 프로토콜 공정 비교 결과 (Test 25,943개)

프로토콜: AdamW lr 0.0003 · wd 0.0001 · batch 64 · CosineAnnealingLR(eta_min=1e-6) · CrossEntropyLoss (weight 없음) · WeightedRandomSampler(balanced) · 최대 25 epochs / patience 0 · 선택 기준 val macro F1 (best) + last epoch 병기

| 모델 | 파라미터 | seeds | Accuracy | **macro F1 (best-val ckpt, mean±std)** | min–max | macro F1 (last epoch, mean±std) | weighted F1 | macro P | macro R |
|---|---:|:-:|---:|---:|---:|---:|---:|---:|---:|
| WaferCNN (custom, scratch, 64px) | 1.21M | 2 | 94.55% | **0.8266 ± 0.0058** | 0.8225–0.8307 | 0.8214 ± 0.0064 | 0.9510 | 0.7571 | 0.9391 |
| WaferCNN (custom, scratch, 64px) [ep40] | 1.21M | 1 | 95.15% | **0.8367 ± 0.0000** | 0.8367–0.8367 | 0.8365 ± 0.0000 | 0.9563 | 0.7734 | 0.9382 |
| MobileNetV3-S (ImageNet, 64px) | 1.53M | 2 | 95.39% | **0.8315 ± 0.0004** | 0.8313–0.8318 | 0.8319 ± 0.0023 | 0.9573 | 0.7825 | 0.8991 |
| MobileNetV3-S (ImageNet, 128px upsample) | 1.53M | 1 | 96.94% | **0.8750 ± 0.0000** | 0.8750–0.8750 | 0.8753 ± 0.0000 | 0.9705 | 0.8513 | 0.9040 |
| MobileNetV3-S (ImageNet, 128px upsample) [ep40] | 1.53M | 1 | 97.42% | **0.8847 ± 0.0000** | 0.8847–0.8847 | 0.8845 ± 0.0000 | 0.9744 | 0.8875 | 0.8840 |
| MobileNetV3-S (scratch, 64px) | 1.53M | 1 | 92.37% | **0.7752 ± 0.0000** | 0.7752–0.7752 | 0.7752 ± 0.0000 | 0.9337 | 0.7097 | 0.8960 |
| EfficientNet-B0 (ImageNet, 128px upsample) | 4.02M | 1 | 97.54% | **0.8894 ± 0.0000** | 0.8894–0.8894 | 0.8894 ± 0.0000 | 0.9759 | 0.8755 | 0.9063 |
| ViT-Tiny/16 (ImageNet, 64px → 16 tokens) | 5.39M | 1 | 96.53% | **0.8633 ± 0.0000** | 0.8633–0.8633 | 0.8591 ± 0.0000 | 0.9668 | 0.8410 | 0.8906 |

저장: C:\Users\SSAFY\Desktop\Private\self\analysis\fair_compare\summary.md, summary.json, summary.csv, runs.csv
=== STAGE C DONE ===
