Device: cuda
GPU: NVIDIA GeForce RTX 4070 Laptop GPU
  재학습 MobileNetV3 백본 가중치 전이 완료: C:\Users\SSAFY\Desktop\Private\self\checkpoints\MobileNetV3_34_0.7431.pth

 Ep |    Loss |   VlF1 | Best
-----------------------------------
  1 |  0.2814 | 0.7381 | ★
  2 |  0.2056 | 0.7760 | ★
  3 |  0.1863 | 0.7150 | 
  4 |  0.1698 | 0.7289 | 
  5 |  0.1598 | 0.7283 | 
  6 |  0.1518 | 0.7291 | 
  7 |  0.1463 | 0.7658 | 
  8 |  0.1400 | 0.7631 | 
  9 |  0.1331 | 0.7805 | ★
 10 |  0.1309 | 0.7762 | 
 11 |  0.1531 | 0.7179 | 
 12 |  0.1498 | 0.6901 | 
 13 |  0.1450 | 0.7567 | 
 14 |  0.1408 | 0.7611 | 
 15 |  0.1373 | 0.7391 | 
 16 |  0.1348 | 0.7716 | 
 17 |  0.1295 | 0.7091 | 
 18 |  0.1258 | 0.7485 | 
 19 |  0.1217 | 0.7478 | 
 20 |  0.1204 | 0.7879 | ★
 21 |  0.1147 | 0.7774 | 
 22 |  0.1140 | 0.7940 | ★
 23 |  0.1117 | 0.8076 | ★
 24 |  0.1077 | 0.8081 | ★
 25 |  0.1076 | 0.7924 | 
 26 |  0.1036 | 0.8012 | 
 27 |  0.1050 | 0.7985 | 
 28 |  0.1020 | 0.8066 | 
 29 |  0.1018 | 0.8138 | ★
 30 |  0.1016 | 0.8109 | 
 31 |  0.1209 | 0.7404 | 
 32 |  0.1214 | 0.7804 | 
 33 |  0.1198 | 0.7153 | 
 34 |  0.1169 | 0.7112 | 
 35 |  0.1181 | 0.7902 | 
 36 |  0.1148 | 0.7187 | 
 37 |  0.1160 | 0.7922 | 
 38 |  0.1114 | 0.8085 | 
 39 |  0.1116 | 0.7951 | 
 40 |  0.1070 | 0.6963 | 
 41 |  0.1076 | 0.7791 | 
 42 |  0.1069 | 0.7990 | 
 43 |  0.1056 | 0.7878 | 
 44 |  0.1028 | 0.8247 | ★
 45 |  0.1015 | 0.8144 | 
 46 |  0.0988 | 0.8179 | 
 47 |  0.0999 | 0.7915 | 
 48 |  0.0998 | 0.7842 | 
 49 |  0.0955 | 0.7857 | 
 50 |  0.0948 | 0.8340 | ★

=== AdvancedDefectPredictor (수정) Test ===
Accuracy : 95.11%
F1-macro : 0.8227  (목표 ≥ 0.90)  [MISS]
              precision    recall  f1-score   support

        none       0.99      0.96      0.98     22115
      Center       0.78      0.96      0.86       644
       Donut       0.87      0.86      0.86        83
    Edge-Loc       0.63      0.91      0.74       779
   Edge-Ring       0.94      0.98      0.96      1452
         Loc       0.59      0.81      0.68       539
   Near-full       0.91      0.91      0.91        22
      Random       0.79      0.85      0.82       130
     Scratch       0.50      0.73      0.59       179

    accuracy                           0.95     25943
   macro avg       0.78      0.88      0.82     25943
weighted avg       0.96      0.95      0.95     25943

결과 저장: analysis/advanced_model_results.json
체크포인트: C:\Users\SSAFY\Desktop\Private\self\checkpoints\AdvancedDefectPredictor_best_0.8340.pth
