Device: cuda
GPU: NVIDIA GeForce RTX 4070 Laptop GPU
파라미터: 1.21M

 Ep |       LR |  TrLoss |  TrAcc |   VlF1 | Best
-------------------------------------------------------
  1 | 3.00e-04 |  0.6495 | 0.7646 | 0.7162 | ★
  2 | 3.00e-04 |  0.3633 | 0.8742 | 0.7383 | ★
  3 | 2.98e-04 |  0.3053 | 0.8947 | 0.7647 | ★
  4 | 2.96e-04 |  0.2755 | 0.9043 | 0.7931 | ★
  5 | 2.93e-04 |  0.2529 | 0.9121 | 0.7617 | 
  6 | 2.89e-04 |  0.2401 | 0.9153 | 0.7582 | 
  7 | 2.84e-04 |  0.2243 | 0.9213 | 0.7874 | 
  8 | 2.78e-04 |  0.2131 | 0.9256 | 0.7890 | 
  9 | 2.71e-04 |  0.2004 | 0.9296 | 0.7381 | 
 10 | 2.64e-04 |  0.1940 | 0.9315 | 0.7859 | 
 11 | 2.56e-04 |  0.1843 | 0.9357 | 0.8124 | ★
 12 | 2.48e-04 |  0.1784 | 0.9370 | 0.7889 | 
 13 | 2.38e-04 |  0.1729 | 0.9391 | 0.7932 | 
 14 | 2.29e-04 |  0.1670 | 0.9413 | 0.7950 | 
 15 | 2.18e-04 |  0.1597 | 0.9439 | 0.8163 | ★
 16 | 2.08e-04 |  0.1544 | 0.9464 | 0.7862 | 
 17 | 1.97e-04 |  0.1491 | 0.9476 | 0.7977 | 
 18 | 1.85e-04 |  0.1412 | 0.9503 | 0.8219 | ★
 19 | 1.74e-04 |  0.1389 | 0.9514 | 0.8169 | 
 20 | 1.62e-04 |  0.1315 | 0.9540 | 0.7772 | 
 21 | 1.50e-04 |  0.1294 | 0.9543 | 0.7925 | 
 22 | 1.39e-04 |  0.1253 | 0.9563 | 0.8137 | 
 23 | 1.27e-04 |  0.1240 | 0.9565 | 0.8302 | ★
 24 | 1.16e-04 |  0.1152 | 0.9592 | 0.8026 | 
 25 | 1.04e-04 |  0.1098 | 0.9616 | 0.8064 | 
 26 | 9.33e-05 |  0.1064 | 0.9630 | 0.8278 | 
 27 | 8.26e-05 |  0.1042 | 0.9636 | 0.8050 | 
 28 | 7.24e-05 |  0.1016 | 0.9643 | 0.8162 | 
 29 | 6.26e-05 |  0.0957 | 0.9668 | 0.8319 | ★
 30 | 5.34e-05 |  0.0920 | 0.9678 | 0.8226 | 
 31 | 4.48e-05 |  0.0899 | 0.9687 | 0.8306 | 
 32 | 3.68e-05 |  0.0888 | 0.9697 | 0.8231 | 
 33 | 2.96e-05 |  0.0872 | 0.9697 | 0.8221 | 
 34 | 2.30e-05 |  0.0831 | 0.9719 | 0.8319 | 
 35 | 1.73e-05 |  0.0823 | 0.9712 | 0.8360 | ★
 36 | 1.24e-05 |  0.0819 | 0.9719 | 0.8365 | ★
 37 | 8.32e-06 |  0.0782 | 0.9729 | 0.8453 | ★
 38 | 5.13e-06 |  0.0792 | 0.9728 | 0.8278 | 
 39 | 2.84e-06 |  0.0774 | 0.9729 | 0.8330 | 
 40 | 1.46e-06 |  0.0795 | 0.9720 | 0.8379 | 

=== WaferCNN (수정) Test ===
Accuracy : 95.85%
F1-macro : 0.8508  (목표 ≥ 0.80)  [OK]
              precision    recall  f1-score   support

        none       1.00      0.96      0.98     22115
      Center       0.79      0.96      0.87       644
       Donut       0.94      0.88      0.91        83
    Edge-Loc       0.69      0.92      0.78       779
   Edge-Ring       0.95      0.99      0.97      1452
         Loc       0.65      0.88      0.75       539
   Near-full       0.88      1.00      0.94        22
      Random       0.74      0.92      0.82       130
     Scratch       0.50      0.91      0.65       179

    accuracy                           0.96     25943
   macro avg       0.79      0.93      0.85     25943
weighted avg       0.97      0.96      0.96     25943

결과 저장: analysis/baseline_results.json
